exports[`test renders LibraryPage 1`] = `
<div
  className="librarypage">
  <div
    style={
      Object {
        "WebkitTapHighlightColor": "rgba(0,0,0,0)",
        "backgroundColor": "#ffffff",
        "borderRadius": 2,
        "boxShadow": "0 1px 6px rgba(0, 0, 0, 0.12),
               0 1px 4px rgba(0, 0, 0, 0.12)",
        "boxSizing": "border-box",
        "color": "rgba(0, 0, 0, 0.87)",
        "fontFamily": "Roboto, sans-serif",
        "muiPrepared": true,
        "transition": "all 450ms cubic-bezier(0.23, 1, 0.32, 1) 0ms",
        "zIndex": 1,
      }
    }>
    <div
      style={
        Object {
          "paddingBottom": 0,
        }
      }>
      <div
        style={
          Object {
            "muiPrepared": true,
            "padding": "8px 0px 8px 0px",
          }
        }>
        <div>
          <span
            disabled={undefined}
            href={undefined}
            onBlur={[Function]}
            onClick={[Function]}
            onFocus={[Function]}
            onKeyDown={[Function]}
            onKeyUp={[Function]}
            onMouseEnter={[Function]}
            onMouseLeave={[Function]}
            onTouchEnd={[Function]}
            onTouchStart={[Function]}
            onTouchTap={[Function]}
            open={null}
            style={
              Object {
                "WebkitTapHighlightColor": "rgba(0, 0, 0, 0)",
                "background": "none",
                "backgroundColor": null,
                "border": 10,
                "boxSizing": "border-box",
                "color": "rgba(0, 0, 0, 0.87)",
                "cursor": "pointer",
                "display": "block",
                "fontFamily": "Roboto, sans-serif",
                "fontSize": 16,
                "fontWeight": "inherit",
                "lineHeight": "16px",
                "margin": 0,
                "muiPrepared": true,
                "outline": "none",
                "padding": 0,
                "position": "relative",
                "textDecoration": "none",
                "transition": "all 450ms cubic-bezier(0.23, 1, 0.32, 1) 0ms",
                "verticalAlign": null,
                "zIndex": 1,
              }
            }
            tabIndex={0}>
            <div
              onMouseDown={[Function]}
              onMouseLeave={[Function]}
              onMouseUp={[Function]}
              onTouchEnd={[Function]}
              onTouchStart={[Function]}>
              <div
                style={
                  Object {
                    "marginLeft": 0,
                    "muiPrepared": true,
                    "paddingBottom": 16,
                    "paddingLeft": 16,
                    "paddingRight": 16,
                    "paddingTop": 16,
                    "position": "relative",
                  }
                }>
                <div
                  style={
                    Object {
                      "muiPrepared": true,
                    }
                  }>
                  1.0 - Introduction to Anxiety
                </div>
              </div>
            </div>
          </span>
        </div>
        <div>
          <span
            disabled={undefined}
            href={undefined}
            onBlur={[Function]}
            onClick={[Function]}
            onFocus={[Function]}
            onKeyDown={[Function]}
            onKeyUp={[Function]}
            onMouseEnter={[Function]}
            onMouseLeave={[Function]}
            onTouchEnd={[Function]}
            onTouchStart={[Function]}
            onTouchTap={[Function]}
            open={null}
            style={
              Object {
                "WebkitTapHighlightColor": "rgba(0, 0, 0, 0)",
                "background": "none",
                "backgroundColor": null,
                "border": 10,
                "boxSizing": "border-box",
                "color": "rgba(0, 0, 0, 0.87)",
                "cursor": "pointer",
                "display": "block",
                "fontFamily": "Roboto, sans-serif",
                "fontSize": 16,
                "fontWeight": "inherit",
                "lineHeight": "16px",
                "margin": 0,
                "muiPrepared": true,
                "outline": "none",
                "padding": 0,
                "position": "relative",
                "textDecoration": "none",
                "transition": "all 450ms cubic-bezier(0.23, 1, 0.32, 1) 0ms",
                "verticalAlign": null,
                "zIndex": 1,
              }
            }
            tabIndex={0}>
            <div
              onMouseDown={[Function]}
              onMouseLeave={[Function]}
              onMouseUp={[Function]}
              onTouchEnd={[Function]}
              onTouchStart={[Function]}>
              <div
                style={
                  Object {
                    "marginLeft": 0,
                    "muiPrepared": true,
                    "paddingBottom": 16,
                    "paddingLeft": 16,
                    "paddingRight": 16,
                    "paddingTop": 16,
                    "position": "relative",
                  }
                }>
                <div
                  style={
                    Object {
                      "muiPrepared": true,
                    }
                  }>
                  2.0 - Anxiety Disorders
                </div>
              </div>
            </div>
          </span>
        </div>
        <div>
          <span
            disabled={undefined}
            href={undefined}
            onBlur={[Function]}
            onClick={[Function]}
            onFocus={[Function]}
            onKeyDown={[Function]}
            onKeyUp={[Function]}
            onMouseEnter={[Function]}
            onMouseLeave={[Function]}
            onTouchEnd={[Function]}
            onTouchStart={[Function]}
            onTouchTap={[Function]}
            open={null}
            style={
              Object {
                "WebkitTapHighlightColor": "rgba(0, 0, 0, 0)",
                "background": "none",
                "backgroundColor": null,
                "border": 10,
                "boxSizing": "border-box",
                "color": "rgba(0, 0, 0, 0.87)",
                "cursor": "pointer",
                "display": "block",
                "fontFamily": "Roboto, sans-serif",
                "fontSize": 16,
                "fontWeight": "inherit",
                "lineHeight": "16px",
                "margin": 0,
                "muiPrepared": true,
                "outline": "none",
                "padding": 0,
                "position": "relative",
                "textDecoration": "none",
                "transition": "all 450ms cubic-bezier(0.23, 1, 0.32, 1) 0ms",
                "verticalAlign": null,
                "zIndex": 1,
              }
            }
            tabIndex={0}>
            <div
              onMouseDown={[Function]}
              onMouseLeave={[Function]}
              onMouseUp={[Function]}
              onTouchEnd={[Function]}
              onTouchStart={[Function]}>
              <div
                style={
                  Object {
                    "marginLeft": 0,
                    "muiPrepared": true,
                    "paddingBottom": 16,
                    "paddingLeft": 16,
                    "paddingRight": 16,
                    "paddingTop": 16,
                    "position": "relative",
                  }
                }>
                <div
                  style={
                    Object {
                      "muiPrepared": true,
                    }
                  }>
                  3.0 - Other Problems Associated with Anxiety
                </div>
              </div>
            </div>
          </span>
        </div>
        <div>
          <span
            disabled={undefined}
            href={undefined}
            onBlur={[Function]}
            onClick={[Function]}
            onFocus={[Function]}
            onKeyDown={[Function]}
            onKeyUp={[Function]}
            onMouseEnter={[Function]}
            onMouseLeave={[Function]}
            onTouchEnd={[Function]}
            onTouchStart={[Function]}
            onTouchTap={[Function]}
            open={null}
            style={
              Object {
                "WebkitTapHighlightColor": "rgba(0, 0, 0, 0)",
                "background": "none",
                "backgroundColor": null,
                "border": 10,
                "boxSizing": "border-box",
                "color": "rgba(0, 0, 0, 0.87)",
                "cursor": "pointer",
                "display": "block",
                "fontFamily": "Roboto, sans-serif",
                "fontSize": 16,
                "fontWeight": "inherit",
                "lineHeight": "16px",
                "margin": 0,
                "muiPrepared": true,
                "outline": "none",
                "padding": 0,
                "position": "relative",
                "textDecoration": "none",
                "transition": "all 450ms cubic-bezier(0.23, 1, 0.32, 1) 0ms",
                "verticalAlign": null,
                "zIndex": 1,
              }
            }
            tabIndex={0}>
            <div
              onMouseDown={[Function]}
              onMouseLeave={[Function]}
              onMouseUp={[Function]}
              onTouchEnd={[Function]}
              onTouchStart={[Function]}>
              <div
                style={
                  Object {
                    "marginLeft": 0,
                    "muiPrepared": true,
                    "paddingBottom": 16,
                    "paddingLeft": 16,
                    "paddingRight": 16,
                    "paddingTop": 16,
                    "position": "relative",
                  }
                }>
                <div
                  style={
                    Object {
                      "muiPrepared": true,
                    }
                  }>
                  4.0 - Causes of Anxiety
                </div>
              </div>
            </div>
          </span>
        </div>
        <div>
          <span
            disabled={undefined}
            href={undefined}
            onBlur={[Function]}
            onClick={[Function]}
            onFocus={[Function]}
            onKeyDown={[Function]}
            onKeyUp={[Function]}
            onMouseEnter={[Function]}
            onMouseLeave={[Function]}
            onTouchEnd={[Function]}
            onTouchStart={[Function]}
            onTouchTap={[Function]}
            open={null}
            style={
              Object {
                "WebkitTapHighlightColor": "rgba(0, 0, 0, 0)",
                "background": "none",
                "backgroundColor": null,
                "border": 10,
                "boxSizing": "border-box",
                "color": "rgba(0, 0, 0, 0.87)",
                "cursor": "pointer",
                "display": "block",
                "fontFamily": "Roboto, sans-serif",
                "fontSize": 16,
                "fontWeight": "inherit",
                "lineHeight": "16px",
                "margin": 0,
                "muiPrepared": true,
                "outline": "none",
                "padding": 0,
                "position": "relative",
                "textDecoration": "none",
                "transition": "all 450ms cubic-bezier(0.23, 1, 0.32, 1) 0ms",
                "verticalAlign": null,
                "zIndex": 1,
              }
            }
            tabIndex={0}>
            <div
              onMouseDown={[Function]}
              onMouseLeave={[Function]}
              onMouseUp={[Function]}
              onTouchEnd={[Function]}
              onTouchStart={[Function]}>
              <div
                style={
                  Object {
                    "marginLeft": 0,
                    "muiPrepared": true,
                    "paddingBottom": 16,
                    "paddingLeft": 16,
                    "paddingRight": 16,
                    "paddingTop": 16,
                    "position": "relative",
                  }
                }>
                <div
                  style={
                    Object {
                      "muiPrepared": true,
                    }
                  }>
                  5.0 - Factors that Make Anxiety Worse
                </div>
              </div>
            </div>
          </span>
        </div>
        <div>
          <span
            disabled={undefined}
            href={undefined}
            onBlur={[Function]}
            onClick={[Function]}
            onFocus={[Function]}
            onKeyDown={[Function]}
            onKeyUp={[Function]}
            onMouseEnter={[Function]}
            onMouseLeave={[Function]}
            onTouchEnd={[Function]}
            onTouchStart={[Function]}
            onTouchTap={[Function]}
            open={null}
            style={
              Object {
                "WebkitTapHighlightColor": "rgba(0, 0, 0, 0)",
                "background": "none",
                "backgroundColor": null,
                "border": 10,
                "boxSizing": "border-box",
                "color": "rgba(0, 0, 0, 0.87)",
                "cursor": "pointer",
                "display": "block",
                "fontFamily": "Roboto, sans-serif",
                "fontSize": 16,
                "fontWeight": "inherit",
                "lineHeight": "16px",
                "margin": 0,
                "muiPrepared": true,
                "outline": "none",
                "padding": 0,
                "position": "relative",
                "textDecoration": "none",
                "transition": "all 450ms cubic-bezier(0.23, 1, 0.32, 1) 0ms",
                "verticalAlign": null,
                "zIndex": 1,
              }
            }
            tabIndex={0}>
            <div
              onMouseDown={[Function]}
              onMouseLeave={[Function]}
              onMouseUp={[Function]}
              onTouchEnd={[Function]}
              onTouchStart={[Function]}>
              <div
                style={
                  Object {
                    "marginLeft": 0,
                    "muiPrepared": true,
                    "paddingBottom": 16,
                    "paddingLeft": 16,
                    "paddingRight": 16,
                    "paddingTop": 16,
                    "position": "relative",
                  }
                }>
                <div
                  style={
                    Object {
                      "muiPrepared": true,
                    }
                  }>
                  6.0 - Understanding Panic Disorder
                </div>
              </div>
            </div>
          </span>
        </div>
        <div>
          <span
            disabled={undefined}
            href={undefined}
            onBlur={[Function]}
            onClick={[Function]}
            onFocus={[Function]}
            onKeyDown={[Function]}
            onKeyUp={[Function]}
            onMouseEnter={[Function]}
            onMouseLeave={[Function]}
            onTouchEnd={[Function]}
            onTouchStart={[Function]}
            onTouchTap={[Function]}
            open={null}
            style={
              Object {
                "WebkitTapHighlightColor": "rgba(0, 0, 0, 0)",
                "background": "none",
                "backgroundColor": null,
                "border": 10,
                "boxSizing": "border-box",
                "color": "rgba(0, 0, 0, 0.87)",
                "cursor": "pointer",
                "display": "block",
                "fontFamily": "Roboto, sans-serif",
                "fontSize": 16,
                "fontWeight": "inherit",
                "lineHeight": "16px",
                "margin": 0,
                "muiPrepared": true,
                "outline": "none",
                "padding": 0,
                "position": "relative",
                "textDecoration": "none",
                "transition": "all 450ms cubic-bezier(0.23, 1, 0.32, 1) 0ms",
                "verticalAlign": null,
                "zIndex": 1,
              }
            }
            tabIndex={0}>
            <div
              onMouseDown={[Function]}
              onMouseLeave={[Function]}
              onMouseUp={[Function]}
              onTouchEnd={[Function]}
              onTouchStart={[Function]}>
              <div
                style={
                  Object {
                    "marginLeft": 0,
                    "muiPrepared": true,
                    "paddingBottom": 16,
                    "paddingLeft": 16,
                    "paddingRight": 16,
                    "paddingTop": 16,
                    "position": "relative",
                  }
                }>
                <div
                  style={
                    Object {
                      "muiPrepared": true,
                    }
                  }>
                  7.0 - Anxiety Affects Family Members Too
                </div>
              </div>
            </div>
          </span>
        </div>
        <div>
          <span
            disabled={undefined}
            href={undefined}
            onBlur={[Function]}
            onClick={[Function]}
            onFocus={[Function]}
            onKeyDown={[Function]}
            onKeyUp={[Function]}
            onMouseEnter={[Function]}
            onMouseLeave={[Function]}
            onTouchEnd={[Function]}
            onTouchStart={[Function]}
            onTouchTap={[Function]}
            open={null}
            style={
              Object {
                "WebkitTapHighlightColor": "rgba(0, 0, 0, 0)",
                "background": "none",
                "backgroundColor": null,
                "border": 10,
                "boxSizing": "border-box",
                "color": "rgba(0, 0, 0, 0.87)",
                "cursor": "pointer",
                "display": "block",
                "fontFamily": "Roboto, sans-serif",
                "fontSize": 16,
                "fontWeight": "inherit",
                "lineHeight": "16px",
                "margin": 0,
                "muiPrepared": true,
                "outline": "none",
                "padding": 0,
                "position": "relative",
                "textDecoration": "none",
                "transition": "all 450ms cubic-bezier(0.23, 1, 0.32, 1) 0ms",
                "verticalAlign": null,
                "zIndex": 1,
              }
            }
            tabIndex={0}>
            <div
              onMouseDown={[Function]}
              onMouseLeave={[Function]}
              onMouseUp={[Function]}
              onTouchEnd={[Function]}
              onTouchStart={[Function]}>
              <div
                style={
                  Object {
                    "marginLeft": 0,
                    "muiPrepared": true,
                    "paddingBottom": 16,
                    "paddingLeft": 16,
                    "paddingRight": 16,
                    "paddingTop": 16,
                    "position": "relative",
                  }
                }>
                <div
                  style={
                    Object {
                      "muiPrepared": true,
                    }
                  }>
                  8.0 - How to Manage Anxiety and Worry
                </div>
              </div>
            </div>
          </span>
        </div>
        <div>
          <span
            disabled={undefined}
            href={undefined}
            onBlur={[Function]}
            onClick={[Function]}
            onFocus={[Function]}
            onKeyDown={[Function]}
            onKeyUp={[Function]}
            onMouseEnter={[Function]}
            onMouseLeave={[Function]}
            onTouchEnd={[Function]}
            onTouchStart={[Function]}
            onTouchTap={[Function]}
            open={null}
            style={
              Object {
                "WebkitTapHighlightColor": "rgba(0, 0, 0, 0)",
                "background": "none",
                "backgroundColor": null,
                "border": 10,
                "boxSizing": "border-box",
                "color": "rgba(0, 0, 0, 0.87)",
                "cursor": "pointer",
                "display": "block",
                "fontFamily": "Roboto, sans-serif",
                "fontSize": 16,
                "fontWeight": "inherit",
                "lineHeight": "16px",
                "margin": 0,
                "muiPrepared": true,
                "outline": "none",
                "padding": 0,
                "position": "relative",
                "textDecoration": "none",
                "transition": "all 450ms cubic-bezier(0.23, 1, 0.32, 1) 0ms",
                "verticalAlign": null,
                "zIndex": 1,
              }
            }
            tabIndex={0}>
            <div
              onMouseDown={[Function]}
              onMouseLeave={[Function]}
              onMouseUp={[Function]}
              onTouchEnd={[Function]}
              onTouchStart={[Function]}>
              <div
                style={
                  Object {
                    "marginLeft": 0,
                    "muiPrepared": true,
                    "paddingBottom": 16,
                    "paddingLeft": 16,
                    "paddingRight": 16,
                    "paddingTop": 16,
                    "position": "relative",
                  }
                }>
                <div
                  style={
                    Object {
                      "muiPrepared": true,
                    }
                  }>
                  9.0 - Getting Support for Anxiety
                </div>
              </div>
            </div>
          </span>
        </div>
        <div>
          <span
            disabled={undefined}
            href={undefined}
            onBlur={[Function]}
            onClick={[Function]}
            onFocus={[Function]}
            onKeyDown={[Function]}
            onKeyUp={[Function]}
            onMouseEnter={[Function]}
            onMouseLeave={[Function]}
            onTouchEnd={[Function]}
            onTouchStart={[Function]}
            onTouchTap={[Function]}
            open={null}
            style={
              Object {
                "WebkitTapHighlightColor": "rgba(0, 0, 0, 0)",
                "background": "none",
                "backgroundColor": null,
                "border": 10,
                "boxSizing": "border-box",
                "color": "rgba(0, 0, 0, 0.87)",
                "cursor": "pointer",
                "display": "block",
                "fontFamily": "Roboto, sans-serif",
                "fontSize": 16,
                "fontWeight": "inherit",
                "lineHeight": "16px",
                "margin": 0,
                "muiPrepared": true,
                "outline": "none",
                "padding": 0,
                "position": "relative",
                "textDecoration": "none",
                "transition": "all 450ms cubic-bezier(0.23, 1, 0.32, 1) 0ms",
                "verticalAlign": null,
                "zIndex": 1,
              }
            }
            tabIndex={0}>
            <div
              onMouseDown={[Function]}
              onMouseLeave={[Function]}
              onMouseUp={[Function]}
              onTouchEnd={[Function]}
              onTouchStart={[Function]}>
              <div
                style={
                  Object {
                    "marginLeft": 0,
                    "muiPrepared": true,
                    "paddingBottom": 16,
                    "paddingLeft": 16,
                    "paddingRight": 16,
                    "paddingTop": 16,
                    "position": "relative",
                  }
                }>
                <div
                  style={
                    Object {
                      "muiPrepared": true,
                    }
                  }>
                  10.0 - References on Anxiety
                </div>
              </div>
            </div>
          </span>
        </div>
      </div>
    </div>
  </div>
</div>
`;
